<html>
<body>
<pre>
<h1>µVision Build Log</h1>
<h2>Tool Versions:</h2>
IDE-Version: •ÏVision V5.26.2.0
Copyright (C) 2018 ARM Ltd and ARM Germany GmbH. All rights reserved.
License Information: jh moon, none, LIC=----
 
Tool Versions:
Toolchain:       MDK-Lite  Version: 5.26.2.0
Toolchain Path:  C:\Keil_v5\ARM\ARMCC\Bin
C Compiler:      Armcc.exe V5.06 update 6 (build 750)
Assembler:       Armasm.exe V5.06 update 6 (build 750)
Linker/Locator:  ArmLink.exe V5.06 update 6 (build 750)
Library Manager: ArmAr.exe V5.06 update 6 (build 750)
Hex Converter:   FromElf.exe V5.06 update 6 (build 750)
CPU DLL:         SARMCM3.DLL V5.26.2.0
Dialog DLL:      DARMP1.DLL V1.27.0.0
Target DLL:      UL2CM3.DLL V1.161.6.0
Dialog DLL:      TARMP1.DLL V1.26.0.0
 
<h2>Project:</h2>
C:\Users\ggb05\Desktop\MatchingGame\MatchingGame.uvproj
Project File Date:  06/12/2019

<h2>Output:</h2>
*** Using Compiler 'V5.06 update 6 (build 750)', folder: 'C:\Keil_v5\ARM\ARMCC\Bin'
Rebuild target 'MCB1700'
assembling startup_LPC17xx.s...
compiling system_LPC17xx.c...
compiling RTX_Conf_CM.c...
compiling MatchingGame.c...
compiling GLCD.c...
compiling lpc17xx_libcfg_default.c...
compiling lpc17xx_pinsel.c...
compiling lpc17xx_clkpwr.c...
compiling LPC1768_utility.c...
LPC1768_utility.c(75): warning:  #61-D: integer operation result is out of range
                        GPIO_SetDir(GPIO_PORT_1, (1<<28) | (1<<29) | (1<<31), OUTPUT); 
LPC1768_utility.c(126): warning:  #61-D: integer operation result is out of range
                        GPIO_SetValue(GPIO_PORT_1, (1<<28) | (1<<29) | (1<<31));
LPC1768_utility.c: 2 warnings, 0 errors
compiling LPC1768_fnd.c...
compiling lpc17xx_timer.c...
compiling lpc17xx_gpio.c...
compiling lpc17xx_exti.c...
linking...
Program Size: Code=4488 RO-data=280 RW-data=5420 ZI-data=6140  
".\MatchingGame.axf" - 0 Error(s), 2 Warning(s).
Build Time Elapsed:  00:00:07
</pre>
</body>
</html>
